stm32f7xx_it.c:85:6:NMI_Handler	4	static
stm32f7xx_it.c:100:6:HardFault_Handler	4	static
stm32f7xx_it.c:115:6:MemManage_Handler	4	static
stm32f7xx_it.c:130:6:BusFault_Handler	4	static
stm32f7xx_it.c:145:6:UsageFault_Handler	4	static
stm32f7xx_it.c:160:6:DebugMon_Handler	4	static
stm32f7xx_it.c:180:6:TIM1_BRK_TIM9_IRQHandler	8	static
stm32f7xx_it.c:194:6:TIM2_IRQHandler	8	static
stm32f7xx_it.c:208:6:TIM3_IRQHandler	8	static
stm32f7xx_it.c:222:6:EXTI15_10_IRQHandler	8	static
stm32f7xx_it.c:236:6:TIM8_BRK_TIM12_IRQHandler	8	static
stm32f7xx_it.c:251:6:TIM5_IRQHandler	8	static
stm32f7xx_it.c:265:6:TIM6_DAC_IRQHandler	8	static
stm32f7xx_it.c:279:6:DMA2_Stream0_IRQHandler	8	static
stm32f7xx_it.c:295:6:DMA2_Stream1_IRQHandler	8	static
stm32f7xx_it.c:311:6:DMA2_Stream4_IRQHandler	8	static
stm32f7xx_it.c:327:6:OTG_FS_IRQHandler	8	static
stm32f7xx_it.c:341:6:DMA2_Stream7_IRQHandler	8	static
stm32f7xx_it.c:357:6:DCMI_IRQHandler	8	static
stm32f7xx_it.c:373:6:DMA2D_IRQHandler	8	static
stm32f7xx_it.c:389:6:QUADSPI_IRQHandler	8	static
