core_cm7.h:2229:22:SCB_EnableICache	4	static,ignoring_inline_asm
core_cm7.h:2265:22:SCB_InvalidateICache	4	static,ignoring_inline_asm
core_cm7.h:2281:22:SCB_EnableDCache	24	static,ignoring_inline_asm
core_cm7.h:2357:22:SCB_InvalidateDCache	24	static,ignoring_inline_asm
main.c:161:5:main	72	static
main.c:288:6:SystemClock_Config	216	static
main.c:371:13:MX_ADC3_Init	24	static
main.c:421:13:MX_CRC_Init	8	static
main.c:452:13:MX_DCMI_Init	8	static
main.c:489:13:MX_DMA2D_Init	8	static
main.c:526:13:MX_I2C1_Init	8	static
main.c:580:13:MX_I2C3_Init	8	static
main.c:635:13:MX_LTDC_Init	64	static
main.c:699:13:MX_QUADSPI_Init	8	static
main.c:744:13:MX_RTC_Init	80	static
main.c:836:13:MX_SAI2_Init	8	static
main.c:921:13:MX_SDMMC1_SD_Init	4	static
main.c:949:13:MX_SPDIFRX_Init	8	static
main.c:985:13:MX_TIM1_Init	112	static
main.c:1065:13:MX_TIM2_Init	64	static
main.c:1124:13:MX_TIM3_Init	64	static
main.c:1183:13:MX_TIM5_Init	64	static
main.c:1242:13:MX_TIM8_Init	40	static
main.c:1289:13:MX_TIM12_Init	40	static
main.c:1331:13:MX_USART1_UART_Init	8	static
main.c:1366:13:MX_USART6_UART_Init	8	static
main.c:1401:13:MX_DMA_Init	16	static
main.c:1443:13:MX_FMC_Init	40	static
main.c:1496:13:MX_GPIO_Init	72	static
main.c:1694:6:Error	16	static
main.c:1710:6:StartDefaultTask	16	static
main.c:1734:6:uiDisplayBasic	8	static
main.c:1746:6:startUITask	32	static
main.c:1774:6:HAL_TIM_PeriodElapsedCallback	16	static
main.c:1791:6:Error_Handler	8	static
